55	london
36	paris
35	roman
35	china
34	york
32	india
29	america
29	africa
25	egypt
24	france
22	washington
21	vienna
21	japan
20	chinese
20	canada
19	ireland
19	french
19	england
18	iran
18	indian
18	europe
17	russia
17	italian
17	berlin
16	british
14	yemen
14	spanish
14	greek
14	constantinople
12	vietnam
12	sweden
12	persian
12	pakistan
12	mexico
12	iraq
12	australia
11	russian
11	greece
11	chicago
10	portuguese
10	brazil
10	afghanistan
9	philippines
9	italy
9	irish
9	dutch
9	chile
9	brooklyn
9	amsterdam
8	syrian
8	soviet
8	philadelphia
8	mexican
8	madrid
8	germany
8	egyptian
8	argentina
7	turkey
7	tibetan
7	syria
7	sydney
7	singapore
7	russo-turkish
7	poland
7	korean
7	israel
7	haiti
6	ukraine
6	tunisia
6	thailand
6	russo-swedish
6	portugal
6	netherlands
6	moscow
6	britain
6	anglo-dutch
5	uganda
5	turkish
5	scotland
5	pennsylvania
5	morocco
5	milan
5	louisiana
5	indo-pakistani
5	indonesia
5	barcelona
5	anglo-spanish
5	anglo-afghan
5	algeria
4	venice
4	tokyo
4	swedish
4	seattle
4	manhattan
4	iceland
4	hungary
4	hungarian
4	hawaii
4	dano-swedish
4	columbia
4	bulgarian
4	baltimore
3	zulu
3	zimbabwe
3	xinjiang
3	wisconsin
3	ukrainian
3	russo-persian
3	oxford
3	italo-ethiopian
3	istanbul
3	iraqi
3	iranian
