london,london
paris,paris
roman,roma
china,china
york,ny
india,india
america,usa
africa,africa
egypt,egypt
france,france
washington,washington
vienna,vienna
japan,japan
chinese,china
canada,canada
ireland,ireland
french,french
england,uk
iran,iran
indian,india
europe,europe
russia,russia
italian,italy
berlin,berlin
british,uk
yemen,yemen
spanish,spain
greek,greece
constantinople,constantinople
vietnam,vietnam
sweden,sweden
persian,persian
pakistan,pakistan
mexico,mexico
iraq,iraq
australia,australia
russian,russia
greece,greece
chicago,chicago
portuguese,portugal
brazil,brazil
afghanistan,afghanistan
philippines,philippines
italy,italy
irish,ireland
dutch,netherlands
chile,chile
amsterdam,amsterdam
syrian,syria
soviet,russia
mexican,mexico
madrid,madrid
germany,german
egyptian,egypt
argentina,argentina
turkey,turkey
tibetan,tibet
syria,syria
sydney,sydney
singapore,singapore
russo-turkish,turkey
poland,poland
korean,korea
israel,israel
haiti,haiti
ukraine,ukraine
tunisia,tunisia
thailand,thailand
russo-swedish,sweden
portugal,portugal
netherlands,netherlands
moscow,moscow
britain,uk
anglo-dutch,netherlands
uganda,uganda
turkish,turkey
scotland,scotland
pennsylvania,pennsylvania
morocco,morocco
milan,milan
louisiana,louisiana
indo-pakistani,pakistan
indonesia,indonesia
barcelona,barcelona
anglo-spanish,spain
anglo-afghan,afghanistan
algeria,algeria
venice,venice
tokyo,tokyo
swedish,sweden
seattle,seattle
manhattan,ny
iceland,iceland
hungary,hungary
hungarian,hungary
hawaii,hawaii
dano-swedish,sweden
columbia,columbia
bulgarian,bulgaria
zimbabwe,zimbabwe
xinjiang,xinjiang
wisconsin,wisconsin
ukrainian,ukrainian
russo-persian,persian
oxford,oxford
istanbul,istanbul
iraqi,iraq
iranian,iran
